Archive member included to satisfy reference by file (symbol)

c:/program files (x86)/atmel/studio/7.0/toolchain/arm/arm-gnu-toolchain/bin/../lib/gcc/arm-none-eabi/6.3.1/../../../../arm-none-eabi/lib/thumb/v7-m\libc.a(lib_a-exit.o)
                              c:/program files (x86)/atmel/studio/7.0/toolchain/arm/arm-gnu-toolchain/bin/../lib/gcc/arm-none-eabi/6.3.1/../../../../arm-none-eabi/lib/thumb/v7-m/crt0.o (exit)
c:/program files (x86)/atmel/studio/7.0/toolchain/arm/arm-gnu-toolchain/bin/../lib/gcc/arm-none-eabi/6.3.1/../../../../arm-none-eabi/lib/thumb/v7-m\libc.a(lib_a-impure.o)
                              c:/program files (x86)/atmel/studio/7.0/toolchain/arm/arm-gnu-toolchain/bin/../lib/gcc/arm-none-eabi/6.3.1/../../../../arm-none-eabi/lib/thumb/v7-m\libc.a(lib_a-exit.o) (_global_impure_ptr)
c:/program files (x86)/atmel/studio/7.0/toolchain/arm/arm-gnu-toolchain/bin/../lib/gcc/arm-none-eabi/6.3.1/../../../../arm-none-eabi/lib/thumb/v7-m\libc.a(lib_a-init.o)
                              c:/program files (x86)/atmel/studio/7.0/toolchain/arm/arm-gnu-toolchain/bin/../lib/gcc/arm-none-eabi/6.3.1/../../../../arm-none-eabi/lib/thumb/v7-m/crt0.o (__libc_init_array)
c:/program files (x86)/atmel/studio/7.0/toolchain/arm/arm-gnu-toolchain/bin/../lib/gcc/arm-none-eabi/6.3.1/../../../../arm-none-eabi/lib/thumb/v7-m\libc.a(lib_a-memset.o)
                              c:/program files (x86)/atmel/studio/7.0/toolchain/arm/arm-gnu-toolchain/bin/../lib/gcc/arm-none-eabi/6.3.1/../../../../arm-none-eabi/lib/thumb/v7-m/crt0.o (memset)
c:/program files (x86)/atmel/studio/7.0/toolchain/arm/arm-gnu-toolchain/bin/../lib/gcc/arm-none-eabi/6.3.1/../../../../arm-none-eabi/lib/thumb/v7-m\libc.a(lib_a-__call_atexit.o)
                              c:/program files (x86)/atmel/studio/7.0/toolchain/arm/arm-gnu-toolchain/bin/../lib/gcc/arm-none-eabi/6.3.1/../../../../arm-none-eabi/lib/thumb/v7-m\libc.a(lib_a-exit.o) (__call_exitprocs)
c:/program files (x86)/atmel/studio/7.0/toolchain/arm/arm-gnu-toolchain/bin/../lib/gcc/arm-none-eabi/6.3.1/../../../../arm-none-eabi/lib/thumb/v7-m\libc.a(lib_a-atexit.o)
                              c:/program files (x86)/atmel/studio/7.0/toolchain/arm/arm-gnu-toolchain/bin/../lib/gcc/arm-none-eabi/6.3.1/../../../../arm-none-eabi/lib/thumb/v7-m\libc.a(lib_a-__call_atexit.o) (atexit)
c:/program files (x86)/atmel/studio/7.0/toolchain/arm/arm-gnu-toolchain/bin/../lib/gcc/arm-none-eabi/6.3.1/../../../../arm-none-eabi/lib/thumb/v7-m\libc.a(lib_a-fini.o)
                              c:/program files (x86)/atmel/studio/7.0/toolchain/arm/arm-gnu-toolchain/bin/../lib/gcc/arm-none-eabi/6.3.1/../../../../arm-none-eabi/lib/thumb/v7-m\libc.a(lib_a-__call_atexit.o) (__libc_fini_array)
c:/program files (x86)/atmel/studio/7.0/toolchain/arm/arm-gnu-toolchain/bin/../lib/gcc/arm-none-eabi/6.3.1/../../../../arm-none-eabi/lib/thumb/v7-m\libc.a(lib_a-lock.o)
                              c:/program files (x86)/atmel/studio/7.0/toolchain/arm/arm-gnu-toolchain/bin/../lib/gcc/arm-none-eabi/6.3.1/../../../../arm-none-eabi/lib/thumb/v7-m\libc.a(lib_a-__call_atexit.o) (__retarget_lock_acquire_recursive)
c:/program files (x86)/atmel/studio/7.0/toolchain/arm/arm-gnu-toolchain/bin/../lib/gcc/arm-none-eabi/6.3.1/../../../../arm-none-eabi/lib/thumb/v7-m\libc.a(lib_a-__atexit.o)
                              c:/program files (x86)/atmel/studio/7.0/toolchain/arm/arm-gnu-toolchain/bin/../lib/gcc/arm-none-eabi/6.3.1/../../../../arm-none-eabi/lib/thumb/v7-m\libc.a(lib_a-atexit.o) (__register_exitproc)

Allocating common symbols
Common symbol       size              file

__lock___atexit_recursive_mutex
                    0x1               c:/program files (x86)/atmel/studio/7.0/toolchain/arm/arm-gnu-toolchain/bin/../lib/gcc/arm-none-eabi/6.3.1/../../../../arm-none-eabi/lib/thumb/v7-m\libc.a(lib_a-lock.o)
__lock___arc4random_mutex
                    0x1               c:/program files (x86)/atmel/studio/7.0/toolchain/arm/arm-gnu-toolchain/bin/../lib/gcc/arm-none-eabi/6.3.1/../../../../arm-none-eabi/lib/thumb/v7-m\libc.a(lib_a-lock.o)
__lock___env_recursive_mutex
                    0x1               c:/program files (x86)/atmel/studio/7.0/toolchain/arm/arm-gnu-toolchain/bin/../lib/gcc/arm-none-eabi/6.3.1/../../../../arm-none-eabi/lib/thumb/v7-m\libc.a(lib_a-lock.o)
__lock___sinit_recursive_mutex
                    0x1               c:/program files (x86)/atmel/studio/7.0/toolchain/arm/arm-gnu-toolchain/bin/../lib/gcc/arm-none-eabi/6.3.1/../../../../arm-none-eabi/lib/thumb/v7-m\libc.a(lib_a-lock.o)
__lock___malloc_recursive_mutex
                    0x1               c:/program files (x86)/atmel/studio/7.0/toolchain/arm/arm-gnu-toolchain/bin/../lib/gcc/arm-none-eabi/6.3.1/../../../../arm-none-eabi/lib/thumb/v7-m\libc.a(lib_a-lock.o)
__lock___at_quick_exit_mutex
[...]
Memory Configuration

Name             Origin             Length             Attributes
rom              0x00080000         0x00010000         xr
ram              0x20000000         0x00004000         xrw
*default*        0x00000000         0xffffffff

Linker script and memory map

LOAD c:/program files (x86)/atmel/studio/7.0/toolchain/arm/arm-gnu-toolchain/bin/../lib/gcc/arm-none-eabi/6.3.1/thumb/v7-m/crti.o
LOAD c:/program files (x86)/atmel/studio/7.0/toolchain/arm/arm-gnu-toolchain/bin/../lib/gcc/arm-none-eabi/6.3.1/thumb/v7-m/crtbegin.o
LOAD c:/program files (x86)/atmel/studio/7.0/toolchain/arm/arm-gnu-toolchain/bin/../lib/gcc/arm-none-eabi/6.3.1/../../../../arm-none-eabi/lib/thumb/v7-m/crt0.o
LOAD src/ASF/common/boards/user_board/init.o
LOAD src/ASF/common/utils/interrupt/interrupt_sam_nvic.o
LOAD src/ASF/sam/utils/cmsis/sam3u/source/templates/exceptions.o
LOAD src/ASF/sam/utils/cmsis/sam3u/source/templates/gcc/startup_sam3u.o
LOAD src/ASF/sam/utils/cmsis/sam3u/source/templates/system_sam3u.o
LOAD src/ASF/sam/utils/syscalls/gcc/syscalls.o
LOAD src/main.o
START GROUP
LOAD ../src/ASF/thirdparty/CMSIS/Lib/GCC\libarm_cortexM3l_math.a
LOAD c:/program files (x86)/atmel/studio/7.0/toolchain/arm/arm-gnu-toolchain/bin/../lib/gcc/arm-none-eabi/6.3.1/../../../../arm-none-eabi/lib/thumb/v7-m\libm.a
END GROUP
START GROUP
LOAD c:/program files (x86)/atmel/studio/7.0/toolchain/arm/arm-gnu-toolchain/bin/../lib/gcc/arm-none-eabi/6.3.1/thumb/v7-m\libgcc.a
LOAD c:/program files (x86)/atmel/studio/7.0/toolchain/arm/arm-gnu-toolchain/bin/../lib/gcc/arm-none-eabi/6.3.1/../../../../arm-none-eabi/lib/thumb/v7-m\libc.a
END GROUP
LOAD c:/program files (x86)/atmel/studio/7.0/toolchain/arm/arm-gnu-toolchain/bin/../lib/gcc/arm-none-eabi/6.3.1/thumb/v7-m/crtend.o
LOAD c:/program files (x86)/atmel/studio/7.0/toolchain/arm/arm-gnu-toolchain/bin/../lib/gcc/arm-none-eabi/6.3.1/thumb/v7-m/crtn.o
                0x00000400                STACK_SIZE = DEFINED (STACK_SIZE)?STACK_SIZE:0x400
                0x00000200                HEAP_SIZE = DEFINED (HEAP_SIZE)?HEAP_SIZE:0x200

.text           0x00080000      0x36c
                0x00080000                . = ALIGN (0x4)
                0x00080000                _sfixed = .
 *(.vectors .vectors.*)
 .vectors       0x00080000       0xbc src/ASF/sam/utils/cmsis/sam3u/source/templates/gcc/startup_sam3u.o
                0x00080000                exception_table
 *(.text .text.* .gnu.linkonce.t.*)
 .text          0x000800bc       0x6c c:/program files (x86)/atmel/studio/7.0/toolchain/arm/arm-gnu-toolchain/bin/../lib/gcc/arm-none-eabi/6.3.1/thumb/v7-m/crtbegin.o
 .text.board_init
                0x00080128        0x2 src/ASF/common/boards/user_board/init.o
                0x00080128                board_init
 .text.Dummy_Handler
                0x0008012a        0x2 src/ASF/sam/utils/cmsis/sam3u/source/templates/exceptions.o
                0x0008012a                DebugMon_Handler
                0x0008012a                DMAC_Handler
                0x0008012a                HardFault_Handler
                0x0008012a                TC2_Handler
                0x0008012a                SPI_Handler
                0x0008012a                SysTick_Handler
                0x0008012a                TWI1_Handler
                0x0008012a                PendSV_Handler
                0x0008012a                NMI_Handler
                0x0008012a                ADC_Handler
                0x0008012a                SMC_Handler
                0x0008012a                USART0_Handler
                0x0008012a                RTT_Handler
                0x0008012a                EFC1_Handler
                0x0008012a                UDPHS_Handler
                0x0008012a                PIOB_Handler
                0x0008012a                ADC12B_Handler
                0x0008012a                RTC_Handler
                0x0008012a                UsageFault_Handler
                0x0008012a                WDT_Handler
                0x0008012a                TC1_Handler
                0x0008012a                HSMCI_Handler
                0x0008012a                Dummy_Handler
                0x0008012a                TWI0_Handler
                0x0008012a                USART1_Handler
                0x0008012a                PIOA_Handler
                0x0008012a                SSC_Handler
                0x0008012a                EFC0_Handler
                0x0008012a                PMC_Handler
                0x0008012a                PWM_Handler
                0x0008012a                MemManage_Handler
                0x0008012a                SUPC_Handler
                0x0008012a                SVC_Handler
                0x0008012a                USART2_Handler
                0x0008012a                UART_Handler
                0x0008012a                BusFault_Handler
                0x0008012a                RSTC_Handler
                0x0008012a                TC0_Handler
 .text.Reset_Handler
                0x0008012c       0x98 src/ASF/sam/utils/cmsis/sam3u/source/templates/gcc/startup_sam3u.o
                0x0008012c                Reset_Handler
 .text.main     0x000801c4       0x10 src/main.o
                0x000801c4                main
 .text.__libc_init_array
                0x000801d4       0x50 c:/program files (x86)/atmel/studio/7.0/toolchain/arm/arm-gnu-toolchain/bin/../lib/gcc/arm-none-eabi/6.3.1/../../../../arm-none-eabi/lib/thumb/v7-m\libc.a(lib_a-init.o)
                0x000801d4                __libc_init_array
 .text.startup.register_fini
                0x00080224       0x14 c:/program files (x86)/atmel/studio/7.0/toolchain/arm/arm-gnu-toolchain/bin/../lib/gcc/arm-none-eabi/6.3.1/../../../../arm-none-eabi/lib/thumb/v7-m\libc.a(lib_a-__call_atexit.o)
 .text.atexit   0x00080238        0xc c:/program files (x86)/atmel/studio/7.0/toolchain/arm/arm-gnu-toolchain/bin/../lib/gcc/arm-none-eabi/6.3.1/../../../../arm-none-eabi/lib/thumb/v7-m\libc.a(lib_a-atexit.o)
                0x00080238                atexit
 .text.__libc_fini_array
                0x00080244       0x34 c:/program files (x86)/atmel/studio/7.0/toolchain/arm/arm-gnu-toolchain/bin/../lib/gcc/arm-none-eabi/6.3.1/../../../../arm-none-eabi/lib/thumb/v7-m\libc.a(lib_a-fini.o)
                0x00080244                __libc_fini_array
 .text.__retarget_lock_acquire_recursive
                0x00080278        0x4 c:/program files (x86)/atmel/studio/7.0/toolchain/arm/arm-gnu-toolchain/bin/../lib/gcc/arm-none-eabi/6.3.1/../../../../arm-none-eabi/lib/thumb/v7-m\libc.a(lib_a-lock.o)
                0x00080278                __retarget_lock_acquire_recursive
 .text.__retarget_lock_release_recursive
                0x0008027c        0x4 c:/program files (x86)/atmel/studio/7.0/toolchain/arm/arm-gnu-toolchain/bin/../lib/gcc/arm-none-eabi/6.3.1/../../../../arm-none-eabi/lib/thumb/v7-m\libc.a(lib_a-lock.o)
                0x0008027c                __retarget_lock_release_recursive
 .text.__register_exitproc
                0x00080280       0xc4 c:/program files (x86)/atmel/studio/7.0/toolchain/arm/arm-gnu-toolchain/bin/../lib/gcc/arm-none-eabi/6.3.1/../../../../arm-none-eabi/lib/thumb/v7-m\libc.a(lib_a-__atexit.o)
                0x00080280                __register_exitproc
 *(.glue_7t)
 .glue_7t       0x00080344        0x0 linker stubs
 *(.glue_7)
 .glue_7        0x00080344        0x0 linker stubs
 *(.rodata .rodata* .gnu.linkonce.r.*)
 .rodata._global_impure_ptr
                0x00080344        0x4 c:/program files (x86)/atmel/studio/7.0/toolchain/arm/arm-gnu-toolchain/bin/../lib/gcc/arm-none-eabi/6.3.1/../../../../arm-none-eabi/lib/thumb/v7-m\libc.a(lib_a-impure.o)
                0x00080344                _global_impure_ptr
 *(.ARM.extab* .gnu.linkonce.armextab.*)
                0x00080348                . = ALIGN (0x4)
 *(.init)
 .init          0x00080348        0x4 c:/program files (x86)/atmel/studio/7.0/toolchain/arm/arm-gnu-toolchain/bin/../lib/gcc/arm-none-eabi/6.3.1/thumb/v7-m/crti.o
                0x00080348                _init
 .init          0x0008034c        0x8 c:/program files (x86)/atmel/studio/7.0/toolchain/arm/arm-gnu-toolchain/bin/../lib/gcc/arm-none-eabi/6.3.1/thumb/v7-m/crtn.o
                0x00080354                . = ALIGN (0x4)
                0x00080354                __preinit_array_start = .
 *(.preinit_array)
                0x00080354                __preinit_array_end = .
                0x00080354                . = ALIGN (0x4)
                0x00080354                __init_array_start = .
 *(SORT(.init_array.*))
 .init_array.00000
                0x00080354        0x4 c:/program files (x86)/atmel/studio/7.0/toolchain/arm/arm-gnu-toolchain/bin/../lib/gcc/arm-none-eabi/6.3.1/../../../../arm-none-eabi/lib/thumb/v7-m\libc.a(lib_a-__call_atexit.o)
 *(.init_array)
 .init_array    0x00080358        0x4 c:/program files (x86)/atmel/studio/7.0/toolchain/arm/arm-gnu-toolchain/bin/../lib/gcc/arm-none-eabi/6.3.1/thumb/v7-m/crtbegin.o
                0x0008035c                __init_array_end = .
                0x0008035c                . = ALIGN (0x4)
 *crtbegin.o(.ctors)
 *(EXCLUDE_FILE(*crtend.o) .ctors)
 *(SORT(.ctors.*))
 *crtend.o(.ctors)
                0x0008035c                . = ALIGN (0x4)
 *(.fini)
 .fini          0x0008035c        0x4 c:/program files (x86)/atmel/studio/7.0/toolchain/arm/arm-gnu-toolchain/bin/../lib/gcc/arm-none-eabi/6.3.1/thumb/v7-m/crti.o
                0x0008035c                _fini
 .fini          0x00080360        0x8 c:/program files (x86)/atmel/studio/7.0/toolchain/arm/arm-gnu-toolchain/bin/../lib/gcc/arm-none-eabi/6.3.1/thumb/v7-m/crtn.o
                0x00080368                . = ALIGN (0x4)
                0x00080368                __fini_array_start = .
 *(.fini_array)
 .fini_array    0x00080368        0x4 c:/program files (x86)/atmel/studio/7.0/toolchain/arm/arm-gnu-toolchain/bin/../lib/gcc/arm-none-eabi/6.3.1/thumb/v7-m/crtbegin.o
 *(SORT(.fini_array.*))
                0x0008036c                __fini_array_end = .
 *crtbegin.o(.dtors)
 *(EXCLUDE_FILE(*crtend.o) .dtors)
 *(SORT(.dtors.*))
 *crtend.o(.dtors)
                0x0008036c                . = ALIGN (0x4)
                0x0008036c                _efixed = .
                [!provide]                PROVIDE (__exidx_start, .)

.vfp11_veneer   0x0008036c        0x0
 .vfp11_veneer  0x0008036c        0x0 linker stubs

.v4_bx          0x0008036c        0x0
 .v4_bx         0x0008036c        0x0 linker stubs

.iplt           0x0008036c        0x0
 .iplt          0x0008036c        0x0 c:/program files (x86)/atmel/studio/7.0/toolchain/arm/arm-gnu-toolchain/bin/../lib/gcc/arm-none-eabi/6.3.1/thumb/v7-m/crtbegin.o

.eh_frame       0x0008036c        0x0
 .eh_frame      0x0008036c        0x0 c:/program files (x86)/atmel/studio/7.0/toolchain/arm/arm-gnu-toolchain/bin/../lib/gcc/arm-none-eabi/6.3.1/thumb/v7-m/crtbegin.o

.rel.dyn        0x0008036c        0x0
 .rel.iplt      0x0008036c        0x0 c:/program files (x86)/atmel/studio/7.0/toolchain/arm/arm-gnu-toolchain/bin/../lib/gcc/arm-none-eabi/6.3.1/thumb/v7-m/crtbegin.o

.jcr            0x0008036c        0x0
 .jcr           0x0008036c        0x0 c:/program files (x86)/atmel/studio/7.0/toolchain/arm/arm-gnu-toolchain/bin/../lib/gcc/arm-none-eabi/6.3.1/thumb/v7-m/crtbegin.o

.igot.plt       0x0008036c        0x0
 .igot.plt      0x0008036c        0x0 c:/program files (x86)/atmel/studio/7.0/toolchain/arm/arm-gnu-toolchain/bin/../lib/gcc/arm-none-eabi/6.3.1/thumb/v7-m/crtbegin.o

.ARM.exidx
 *(.ARM.exidx* .gnu.linkonce.armexidx.*)
                [!provide]                PROVIDE (__exidx_end, .)
                0x0008036c                . = ALIGN (0x4)
                0x0008036c                _etext = .

.relocate       0x20000000      0x42c load address 0x0008036c
                0x20000000                . = ALIGN (0x4)
                0x20000000                _srelocate = .
 *(.ramfunc .ramfunc.*)
 *(.data .data.*)
 .data.impure_data
                0x20000000      0x428 c:/program files (x86)/atmel/studio/7.0/toolchain/arm/arm-gnu-toolchain/bin/../lib/gcc/arm-none-eabi/6.3.1/../../../../arm-none-eabi/lib/thumb/v7-m\libc.a(lib_a-impure.o)
 .data.__atexit_recursive_mutex
                0x20000428        0x4 c:/program files (x86)/atmel/studio/7.0/toolchain/arm/arm-gnu-toolchain/bin/../lib/gcc/arm-none-eabi/6.3.1/../../../../arm-none-eabi/lib/thumb/v7-m\libc.a(lib_a-__call_atexit.o)
                0x20000428                __atexit_recursive_mutex
                0x2000042c                . = ALIGN (0x4)
                0x2000042c                _erelocate = .

.bss            0x2000042c       0x40 load address 0x00080798
                0x2000042c                . = ALIGN (0x4)
                0x2000042c                _sbss = .
                0x2000042c                _szero = .
 *(.bss .bss.*)
 .bss           0x2000042c       0x1c c:/program files (x86)/atmel/studio/7.0/toolchain/arm/arm-gnu-toolchain/bin/../lib/gcc/arm-none-eabi/6.3.1/thumb/v7-m/crtbegin.o
 *(COMMON)
 COMMON         0x20000448       0x21 c:/program files (x86)/atmel/studio/7.0/toolchain/arm/arm-gnu-toolchain/bin/../lib/gcc/arm-none-eabi/6.3.1/../../../../arm-none-eabi/lib/thumb/v7-m\libc.a(lib_a-lock.o)
                0x20000448                __lock___atexit_recursive_mutex
                0x2000044c                __lock___arc4random_mutex
                0x20000450                __lock___env_recursive_mutex
                0x20000454                __lock___sinit_recursive_mutex
                0x20000458                __lock___malloc_recursive_mutex
                0x2000045c                __lock___at_quick_exit_mutex
                0x20000460                __lock___dd_hash_mutex
                0x20000464                __lock___tz_mutex
                0x20000468                __lock___sfp_recursive_mutex
                0x2000046c                . = ALIGN (0x4)
 *fill*         0x20000469        0x3 
                0x2000046c                _ebss = .
                0x2000046c                _ezero = .

.stack          0x2000046c      0x404 load address 0x000807d8
                0x20000470                . = ALIGN (0x8)
 *fill*         0x2000046c        0x4 
                0x20000470                _sstack = .
                0x20000870                . = (. + STACK_SIZE)
 *fill*         0x20000470      0x400 
                0x20000870                . = ALIGN (0x8)
                0x20000870                _estack = .

.heap           0x20000870      0x200 load address 0x00080bdc
                0x20000870                . = ALIGN (0x8)
                0x20000870                _sheap = .
                0x20000a70                . = (. + HEAP_SIZE)
 *fill*         0x20000870      0x200 
                0x20000a70                . = ALIGN (0x8)
                0x20000a70                _eheap = .
                0x20000a70                . = ALIGN (0x4)
                0x20000a70                _end = .
                0x20003fff                _ram_end_ = ((ORIGIN (ram) + LENGTH (ram)) - 0x1)
OUTPUT(ldaq_firmware.elf elf32-littlearm)

.ARM.attributes
                0x00000000       0x29
 .ARM.attributes
                0x00000000       0x1d c:/program files (x86)/atmel/studio/7.0/toolchain/arm/arm-gnu-toolchain/bin/../lib/gcc/arm-none-eabi/6.3.1/thumb/v7-m/crti.o
 .ARM.attributes
                0x0000001d       0x2d c:/program files (x86)/atmel/studio/7.0/toolchain/arm/arm-gnu-toolchain/bin/../lib/gcc/arm-none-eabi/6.3.1/thumb/v7-m/crtbegin.o
 .ARM.attributes
                0x0000004a       0x33 src/ASF/common/boards/user_board/init.o
 .ARM.attributes
                0x0000007d       0x33 src/ASF/sam/utils/cmsis/sam3u/source/templates/exceptions.o
 .ARM.attributes
                0x000000b0       0x33 src/ASF/sam/utils/cmsis/sam3u/source/templates/gcc/startup_sam3u.o
 .ARM.attributes
                0x000000e3       0x33 src/main.o
 .ARM.attributes
                0x00000116       0x2d c:/program files (x86)/atmel/studio/7.0/toolchain/arm/arm-gnu-toolchain/bin/../lib/gcc/arm-none-eabi/6.3.1/../../../../arm-none-eabi/lib/thumb/v7-m\libc.a(lib_a-impure.o)
 .ARM.attributes
                0x00000143       0x2d c:/program files (x86)/atmel/studio/7.0/toolchain/arm/arm-gnu-toolchain/bin/../lib/gcc/arm-none-eabi/6.3.1/../../../../arm-none-eabi/lib/thumb/v7-m\libc.a(lib_a-init.o)
 .ARM.attributes
                0x00000170       0x2d c:/program files (x86)/atmel/studio/7.0/toolchain/arm/arm-gnu-toolchain/bin/../lib/gcc/arm-none-eabi/6.3.1/../../../../arm-none-eabi/lib/thumb/v7-m\libc.a(lib_a-__call_atexit.o)
 .ARM.attributes
                0x0000019d       0x2d c:/program files (x86)/atmel/studio/7.0/toolchain/arm/arm-gnu-toolchain/bin/../lib/gcc/arm-none-eabi/6.3.1/../../../../arm-none-eabi/lib/thumb/v7-m\libc.a(lib_a-atexit.o)
 .ARM.attributes
                0x000001ca       0x2d c:/program files (x86)/atmel/studio/7.0/toolchain/arm/arm-gnu-toolchain/bin/../lib/gcc/arm-none-eabi/6.3.1/../../../../arm-none-eabi/lib/thumb/v7-m\libc.a(lib_a-fini.o)
 .ARM.attributes
                0x000001f7       0x2d c:/program files (x86)/atmel/studio/7.0/toolchain/arm/arm-gnu-toolchain/bin/../lib/gcc/arm-none-eabi/6.3.1/../../../../arm-none-eabi/lib/thumb/v7-m\libc.a(lib_a-lock.o)
 .ARM.attributes
                0x00000224       0x2d c:/program files (x86)/atmel/studio/7.0/toolchain/arm/arm-gnu-toolchain/bin/../lib/gcc/arm-none-eabi/6.3.1/../../../../arm-none-eabi/lib/thumb/v7-m\libc.a(lib_a-__atexit.o)
 .ARM.attributes
                0x00000251       0x1d c:/program files (x86)/atmel/studio/7.0/toolchain/arm/arm-gnu-toolchain/bin/../lib/gcc/arm-none-eabi/6.3.1/thumb/v7-m/crtn.o

.comment        0x00000000       0x59
 .comment       0x00000000       0x59 src/ASF/common/boards/user_board/init.o
                                 0x5a (size before relaxing)
 .comment       0x00000059       0x5a src/ASF/sam/utils/cmsis/sam3u/source/templates/exceptions.o
 .comment       0x00000059       0x5a src/ASF/sam/utils/cmsis/sam3u/source/templates/gcc/startup_sam3u.o
 .comment       0x00000059       0x5a src/main.o

.debug_info     0x00000000     0x2be7
 .debug_info    0x00000000      0xa39 src/ASF/common/boards/user_board/init.o
 .debug_info    0x00000a39      0xa39 src/ASF/sam/utils/cmsis/sam3u/source/templates/exceptions.o
 .debug_info    0x00001472      0xd1b src/ASF/sam/utils/cmsis/sam3u/source/templates/gcc/startup_sam3u.o
 .debug_info    0x0000218d      0xa5a src/main.o

.debug_abbrev   0x00000000      0x6ff
 .debug_abbrev  0x00000000      0x1a4 src/ASF/common/boards/user_board/init.o
 .debug_abbrev  0x000001a4      0x1a4 src/ASF/sam/utils/cmsis/sam3u/source/templates/exceptions.o
 .debug_abbrev  0x00000348      0x1f2 src/ASF/sam/utils/cmsis/sam3u/source/templates/gcc/startup_sam3u.o
 .debug_abbrev  0x0000053a      0x1c5 src/main.o

.debug_aranges  0x00000000       0x80
 .debug_aranges
                0x00000000       0x20 src/ASF/common/boards/user_board/init.o
 .debug_aranges
                0x00000020       0x20 src/ASF/sam/utils/cmsis/sam3u/source/templates/exceptions.o
 .debug_aranges
                0x00000040       0x20 src/ASF/sam/utils/cmsis/sam3u/source/templates/gcc/startup_sam3u.o
 .debug_aranges
                0x00000060       0x20 src/main.o

.debug_ranges   0x00000000       0x40
 .debug_ranges  0x00000000       0x10 src/ASF/common/boards/user_board/init.o
 .debug_ranges  0x00000010       0x10 src/ASF/sam/utils/cmsis/sam3u/source/templates/exceptions.o
 .debug_ranges  0x00000020       0x10 src/ASF/sam/utils/cmsis/sam3u/source/templates/gcc/startup_sam3u.o
 .debug_ranges  0x00000030       0x10 src/main.o

.debug_macro    0x00000000     0xf743
 .debug_macro   0x00000000      0x531 src/ASF/common/boards/user_board/init.o
 .debug_macro   0x00000531      0x8c8 src/ASF/common/boards/user_board/init.o
 .debug_macro   0x00000df9      0x16d src/ASF/common/boards/user_board/init.o
 .debug_macro   0x00000f66      0x71d src/ASF/common/boards/user_board/init.o
 .debug_macro   0x00001683       0x76 src/ASF/common/boards/user_board/init.o
 .debug_macro   0x000016f9       0x16 src/ASF/common/boards/user_board/init.o
 .debug_macro   0x0000170f      0x6da src/ASF/common/boards/user_board/init.o
 .debug_macro   0x00001de9       0x22 src/ASF/common/boards/user_board/init.o
 .debug_macro   0x00001e0b       0x87 src/ASF/common/boards/user_board/init.o
 .debug_macro   0x00001e92       0x51 src/ASF/common/boards/user_board/init.o
 .debug_macro   0x00001ee3       0xef src/ASF/common/boards/user_board/init.o
 .debug_macro   0x00001fd2       0x6a src/ASF/common/boards/user_board/init.o
 .debug_macro   0x0000203c      0x1df src/ASF/common/boards/user_board/init.o
 .debug_macro   0x0000221b       0x20 src/ASF/common/boards/user_board/init.o
 .debug_macro   0x0000223b       0x1c src/ASF/common/boards/user_board/init.o
 .debug_macro   0x00002257       0x22 src/ASF/common/boards/user_board/init.o
 .debug_macro   0x00002279       0xc3 src/ASF/common/boards/user_board/init.o
 .debug_macro   0x0000233c      0xe49 src/ASF/common/boards/user_board/init.o
 .debug_macro   0x00003185      0x11f src/ASF/common/boards/user_board/init.o
 .debug_macro   0x000032a4      0x412 src/ASF/common/boards/user_board/init.o
 .debug_macro   0x000036b6      0x469 src/ASF/common/boards/user_board/init.o
 .debug_macro   0x00003b1f      0x2ab src/ASF/common/boards/user_board/init.o
 .debug_macro   0x00003dca      0x5cd src/ASF/common/boards/user_board/init.o
 .debug_macro   0x00004397       0x82 src/ASF/common/boards/user_board/init.o
 .debug_macro   0x00004419       0x1c src/ASF/common/boards/user_board/init.o
 .debug_macro   0x00004435      0x692 src/ASF/common/boards/user_board/init.o
 .debug_macro   0x00004ac7      0x4b4 src/ASF/common/boards/user_board/init.o
 .debug_macro   0x00004f7b       0xbe src/ASF/common/boards/user_board/init.o
 .debug_macro   0x00005039     0x2338 src/ASF/common/boards/user_board/init.o
 .debug_macro   0x00007371      0x686 src/ASF/common/boards/user_board/init.o
 .debug_macro   0x000079f7      0xa59 src/ASF/common/boards/user_board/init.o
 .debug_macro   0x00008450       0x7c src/ASF/common/boards/user_board/init.o
 .debug_macro   0x000084cc      0x25a src/ASF/common/boards/user_board/init.o
 .debug_macro   0x00008726       0x58 src/ASF/common/boards/user_board/init.o
 .debug_macro   0x0000877e      0x99f src/ASF/common/boards/user_board/init.o
 .debug_macro   0x0000911d      0x240 src/ASF/common/boards/user_board/init.o
 .debug_macro   0x0000935d      0x4d5 src/ASF/common/boards/user_board/init.o
 .debug_macro   0x00009832      0x6a9 src/ASF/common/boards/user_board/init.o
 .debug_macro   0x00009edb      0x559 src/ASF/common/boards/user_board/init.o
 .debug_macro   0x0000a434      0x344 src/ASF/common/boards/user_board/init.o
 .debug_macro   0x0000a778      0x283 src/ASF/common/boards/user_board/init.o
 .debug_macro   0x0000a9fb      0x74b src/ASF/common/boards/user_board/init.o
 .debug_macro   0x0000b146      0x6ab src/ASF/common/boards/user_board/init.o
 .debug_macro   0x0000b7f1       0x76 src/ASF/common/boards/user_board/init.o
 .debug_macro   0x0000b867       0x82 src/ASF/common/boards/user_board/init.o
 .debug_macro   0x0000b8e9       0x76 src/ASF/common/boards/user_board/init.o
 .debug_macro   0x0000b95f       0x4c src/ASF/common/boards/user_board/init.o
 .debug_macro   0x0000b9ab       0xe2 src/ASF/common/boards/user_board/init.o
 .debug_macro   0x0000ba8d       0x88 src/ASF/common/boards/user_board/init.o
 .debug_macro   0x0000bb15       0x88 src/ASF/common/boards/user_board/init.o
 .debug_macro   0x0000bb9d      0x2c6 src/ASF/common/boards/user_board/init.o
 .debug_macro   0x0000be63       0xac src/ASF/common/boards/user_board/init.o
 .debug_macro   0x0000bf0f       0xac src/ASF/common/boards/user_board/init.o
 .debug_macro   0x0000bfbb       0xac src/ASF/common/boards/user_board/init.o
 .debug_macro   0x0000c067      0x24b src/ASF/common/boards/user_board/init.o
 .debug_macro   0x0000c2b2       0x7c src/ASF/common/boards/user_board/init.o
 .debug_macro   0x0000c32e       0x70 src/ASF/common/boards/user_board/init.o
 .debug_macro   0x0000c39e       0xee src/ASF/common/boards/user_board/init.o
 .debug_macro   0x0000c48c      0x15b src/ASF/common/boards/user_board/init.o
 .debug_macro   0x0000c5e7       0x64 src/ASF/common/boards/user_board/init.o
 .debug_macro   0x0000c64b       0x88 src/ASF/common/boards/user_board/init.o
 .debug_macro   0x0000c6d3       0x7c src/ASF/common/boards/user_board/init.o
 .debug_macro   0x0000c74f       0x16 src/ASF/common/boards/user_board/init.o
 .debug_macro   0x0000c765       0x22 src/ASF/common/boards/user_board/init.o
 .debug_macro   0x0000c787       0x22 src/ASF/common/boards/user_board/init.o
 .debug_macro   0x0000c7a9      0x10c src/ASF/common/boards/user_board/init.o
 .debug_macro   0x0000c8b5      0x10c src/ASF/common/boards/user_board/init.o
 .debug_macro   0x0000c9c1       0x1c src/ASF/common/boards/user_board/init.o
 .debug_macro   0x0000c9dd       0x2e src/ASF/common/boards/user_board/init.o
 .debug_macro   0x0000ca0b       0x22 src/ASF/common/boards/user_board/init.o
 .debug_macro   0x0000ca2d       0x1c src/ASF/common/boards/user_board/init.o
 .debug_macro   0x0000ca49       0x58 src/ASF/common/boards/user_board/init.o
 .debug_macro   0x0000caa1       0x10 src/ASF/common/boards/user_board/init.o
 .debug_macro   0x0000cab1      0x1d2 src/ASF/common/boards/user_board/init.o
 .debug_macro   0x0000cc83      0x811 src/ASF/common/boards/user_board/init.o
 .debug_macro   0x0000d494       0xcf src/ASF/common/boards/user_board/init.o
 .debug_macro   0x0000d563       0x58 src/ASF/common/boards/user_board/init.o
 .debug_macro   0x0000d5bb       0x35 src/ASF/common/boards/user_board/init.o
 .debug_macro   0x0000d5f0       0x9c src/ASF/common/boards/user_board/init.o
 .debug_macro   0x0000d68c       0x16 src/ASF/common/boards/user_board/init.o
 .debug_macro   0x0000d6a2       0x35 src/ASF/common/boards/user_board/init.o
 .debug_macro   0x0000d6d7      0x34d src/ASF/common/boards/user_board/init.o
 .debug_macro   0x0000da24       0x10 src/ASF/common/boards/user_board/init.o
 .debug_macro   0x0000da34       0x58 src/ASF/common/boards/user_board/init.o
 .debug_macro   0x0000da8c       0x1f src/ASF/common/boards/user_board/init.o
 .debug_macro   0x0000daab       0x43 src/ASF/common/boards/user_board/init.o
 .debug_macro   0x0000daee       0x20 src/ASF/common/boards/user_board/init.o
 .debug_macro   0x0000db0e      0x187 src/ASF/common/boards/user_board/init.o
 .debug_macro   0x0000dc95       0x10 src/ASF/common/boards/user_board/init.o
 .debug_macro   0x0000dca5       0x1c src/ASF/common/boards/user_board/init.o
 .debug_macro   0x0000dcc1       0x52 src/ASF/common/boards/user_board/init.o
 .debug_macro   0x0000dd13       0x40 src/ASF/common/boards/user_board/init.o
 .debug_macro   0x0000dd53       0x10 src/ASF/common/boards/user_board/init.o
 .debug_macro   0x0000dd63       0x40 src/ASF/common/boards/user_board/init.o
 .debug_macro   0x0000dda3       0xd7 src/ASF/common/boards/user_board/init.o
 .debug_macro   0x0000de7a       0x16 src/ASF/common/boards/user_board/init.o
 .debug_macro   0x0000de90      0x18b src/ASF/common/boards/user_board/init.o
 .debug_macro   0x0000e01b       0x22 src/ASF/common/boards/user_board/init.o
 .debug_macro   0x0000e03d       0x16 src/ASF/common/boards/user_board/init.o
 .debug_macro   0x0000e053       0x16 src/ASF/common/boards/user_board/init.o
 .debug_macro   0x0000e069       0x29 src/ASF/common/boards/user_board/init.o
 .debug_macro   0x0000e092       0x73 src/ASF/common/boards/user_board/init.o
 .debug_macro   0x0000e105       0x44 src/ASF/common/boards/user_board/init.o
 .debug_macro   0x0000e149      0x3ca src/ASF/common/boards/user_board/init.o
 .debug_macro   0x0000e513      0x2df src/ASF/common/boards/user_board/init.o
 .debug_macro   0x0000e7f2      0x50a src/ASF/sam/utils/cmsis/sam3u/source/templates/exceptions.o
 .debug_macro   0x0000ecfc      0x516 src/ASF/sam/utils/cmsis/sam3u/source/templates/gcc/startup_sam3u.o
 .debug_macro   0x0000f212      0x531 src/main.o

.debug_line     0x00000000     0x2ae9
 .debug_line    0x00000000      0xaf0 src/ASF/common/boards/user_board/init.o
 .debug_line    0x00000af0      0xa5f src/ASF/sam/utils/cmsis/sam3u/source/templates/exceptions.o
 .debug_line    0x0000154f      0xaa8 src/ASF/sam/utils/cmsis/sam3u/source/templates/gcc/startup_sam3u.o
 .debug_line    0x00001ff7      0xaf2 src/main.o

.debug_str      0x00000000    0x4cbc4
 .debug_str     0x00000000    0x4ca10 src/ASF/common/boards/user_board/init.o
                              0x4cd2d (size before relaxing)
 .debug_str     0x0004ca10       0x4d src/ASF/sam/utils/cmsis/sam3u/source/templates/exceptions.o
                              0x4c442 (size before relaxing)
 .debug_str     0x0004ca5d      0x159 src/ASF/sam/utils/cmsis/sam3u/source/templates/gcc/startup_sam3u.o
                              0x4c556 (size before relaxing)
 .debug_str     0x0004cbb6        0xe src/main.o
                              0x4cd15 (size before relaxing)

.debug_frame    0x00000000      0x250
 .debug_frame   0x00000000       0x20 src/ASF/common/boards/user_board/init.o
 .debug_frame   0x00000020       0x20 src/ASF/sam/utils/cmsis/sam3u/source/templates/exceptions.o
 .debug_frame   0x00000040       0x28 src/ASF/sam/utils/cmsis/sam3u/source/templates/gcc/startup_sam3u.o
 .debug_frame   0x00000068       0x28 src/main.o
 .debug_frame   0x00000090       0x2c c:/program files (x86)/atmel/studio/7.0/toolchain/arm/arm-gnu-toolchain/bin/../lib/gcc/arm-none-eabi/6.3.1/../../../../arm-none-eabi/lib/thumb/v7-m\libc.a(lib_a-init.o)
 .debug_frame   0x000000bc       0x5c c:/program files (x86)/atmel/studio/7.0/toolchain/arm/arm-gnu-toolchain/bin/../lib/gcc/arm-none-eabi/6.3.1/../../../../arm-none-eabi/lib/thumb/v7-m\libc.a(lib_a-__call_atexit.o)
 .debug_frame   0x00000118       0x20 c:/program files (x86)/atmel/studio/7.0/toolchain/arm/arm-gnu-toolchain/bin/../lib/gcc/arm-none-eabi/6.3.1/../../../../arm-none-eabi/lib/thumb/v7-m\libc.a(lib_a-atexit.o)
 .debug_frame   0x00000138       0x34 c:/program files (x86)/atmel/studio/7.0/toolchain/arm/arm-gnu-toolchain/bin/../lib/gcc/arm-none-eabi/6.3.1/../../../../arm-none-eabi/lib/thumb/v7-m\libc.a(lib_a-fini.o)
 .debug_frame   0x0000016c       0xb0 c:/program files (x86)/atmel/studio/7.0/toolchain/arm/arm-gnu-toolchain/bin/../lib/gcc/arm-none-eabi/6.3.1/../../../../arm-none-eabi/lib/thumb/v7-m\libc.a(lib_a-lock.o)
 .debug_frame   0x0000021c       0x34 c:/program files (x86)/atmel/studio/7.0/toolchain/arm/arm-gnu-toolchain/bin/../lib/gcc/arm-none-eabi/6.3.1/../../../../arm-none-eabi/lib/thumb/v7-m\libc.a(lib_a-__atexit.o)

.debug_loc      0x00000000       0x8b
 .debug_loc     0x00000000       0x6b src/ASF/sam/utils/cmsis/sam3u/source/templates/gcc/startup_sam3u.o
 .debug_loc     0x0000006b       0x20 src/main.o

Cross Reference Table

Symbol                                            File
ADC12B_Handler                                    src/ASF/sam/utils/cmsis/sam3u/source/templates/exceptions.o
                                                  src/ASF/sam/utils/cmsis/sam3u/source/templates/gcc/startup_sam3u.o
ADC_Handler                                       src/ASF/sam/utils/cmsis/sam3u/source/templates/exceptions.o
                                                  src/ASF/sam/utils/cmsis/sam3u/source/templates/gcc/startup_sam3u.o
BusFault_Handler                                  src/ASF/sam/utils/cmsis/sam3u/source/templates/exceptions.o
                                                  src/ASF/sam/utils/cmsis/sam3u/source/templates/gcc/startup_sam3u.o
DMAC_Handler                                      src/ASF/sam/utils/cmsis/sam3u/source/templates/exceptions.o
                                                  src/ASF/sam/utils/cmsis/sam3u/source/templates/gcc/startup_sam3u.o
DebugMon_Handler                                  src/ASF/sam/utils/cmsis/sam3u/source/templates/exceptions.o
                                                  src/ASF/sam/utils/cmsis/sam3u/source/templates/gcc/startup_sam3u.o
Dummy_Handler                                     src/ASF/sam/utils/cmsis/sam3u/source/templates/exceptions.o
                                                  src/ASF/sam/utils/cmsis/sam3u/source/templates/gcc/startup_sam3u.o
EFC0_Handler                                      src/ASF/sam/utils/cmsis/sam3u/source/templates/exceptions.o
                                                  src/ASF/sam/utils/cmsis/sam3u/source/templates/gcc/startup_sam3u.o
EFC1_Handler                                      src/ASF/sam/utils/cmsis/sam3u/source/templates/exceptions.o
                                                  src/ASF/sam/utils/cmsis/sam3u/source/templates/gcc/startup_sam3u.o
HSMCI_Handler                                     src/ASF/sam/utils/cmsis/sam3u/source/templates/exceptions.o
                                                  src/ASF/sam/utils/cmsis/sam3u/source/templates/gcc/startup_sam3u.o
HardFault_Handler                                 src/ASF/sam/utils/cmsis/sam3u/source/templates/exceptions.o
                                                  src/ASF/sam/utils/cmsis/sam3u/source/templates/gcc/startup_sam3u.o
MemManage_Handler                                 src/ASF/sam/utils/cmsis/sam3u/source/templates/exceptions.o
                                                  src/ASF/sam/utils/cmsis/sam3u/source/templates/gcc/startup_sam3u.o
NMI_Handler                                       src/ASF/sam/utils/cmsis/sam3u/source/templates/exceptions.o
                                                  src/ASF/sam/utils/cmsis/sam3u/source/templates/gcc/startup_sam3u.o
PIOA_Handler                                      src/ASF/sam/utils/cmsis/sam3u/source/templates/exceptions.o
                                                  src/ASF/sam/utils/cmsis/sam3u/source/templates/gcc/startup_sam3u.o
PIOB_Handler                                      src/ASF/sam/utils/cmsis/sam3u/source/templates/exceptions.o
                                                  src/ASF/sam/utils/cmsis/sam3u/source/templates/gcc/startup_sam3u.o
PMC_Handler                                       src/ASF/sam/utils/cmsis/sam3u/source/templates/exceptions.o
                                                  src/ASF/sam/utils/cmsis/sam3u/source/templates/gcc/startup_sam3u.o
PWM_Handler                                       src/ASF/sam/utils/cmsis/sam3u/source/templates/exceptions.o
                                                  src/ASF/sam/utils/cmsis/sam3u/source/templates/gcc/startup_sam3u.o
PendSV_Handler                                    src/ASF/sam/utils/cmsis/sam3u/source/templates/exceptions.o
                                                  src/ASF/sam/utils/cmsis/sam3u/source/templates/gcc/startup_sam3u.o
RSTC_Handler                                      src/ASF/sam/utils/cmsis/sam3u/source/templates/exceptions.o
                                                  src/ASF/sam/utils/cmsis/sam3u/source/templates/gcc/startup_sam3u.o
RTC_Handler                                       src/ASF/sam/utils/cmsis/sam3u/source/templates/exceptions.o
                                                  src/ASF/sam/utils/cmsis/sam3u/source/templates/gcc/startup_sam3u.o
RTT_Handler                                       src/ASF/sam/utils/cmsis/sam3u/source/templates/exceptions.o
                                                  src/ASF/sam/utils/cmsis/sam3u/source/templates/gcc/startup_sam3u.o
Reset_Handler                                     src/ASF/sam/utils/cmsis/sam3u/source/templates/gcc/startup_sam3u.o
                                                  src/ASF/sam/utils/cmsis/sam3u/source/templates/exceptions.o
SMC_Handler                                       src/ASF/sam/utils/cmsis/sam3u/source/templates/exceptions.o
                                                  src/ASF/sam/utils/cmsis/sam3u/source/templates/gcc/startup_sam3u.o
SPI_Handler                                       src/ASF/sam/utils/cmsis/sam3u/source/templates/exceptions.o
                                                  src/ASF/sam/utils/cmsis/sam3u/source/templates/gcc/startup_sam3u.o
SSC_Handler                                       src/ASF/sam/utils/cmsis/sam3u/source/templates/exceptions.o
                                                  src/ASF/sam/utils/cmsis/sam3u/source/templates/gcc/startup_sam3u.o
SUPC_Handler                                      src/ASF/sam/utils/cmsis/sam3u/source/templates/exceptions.o
                                                  src/ASF/sam/utils/cmsis/sam3u/source/templates/gcc/startup_sam3u.o
SVC_Handler                                       src/ASF/sam/utils/cmsis/sam3u/source/templates/exceptions.o
                                                  src/ASF/sam/utils/cmsis/sam3u/source/templates/gcc/startup_sam3u.o
SysTick_Handler                                   src/ASF/sam/utils/cmsis/sam3u/source/templates/exceptions.o
                                                  src/ASF/sam/utils/cmsis/sam3u/source/templates/gcc/startup_sam3u.o
SystemCoreClock                                   src/ASF/sam/utils/cmsis/sam3u/source/templates/system_sam3u.o
SystemCoreClockUpdate                             src/ASF/sam/utils/cmsis/sam3u/source/templates/system_sam3u.o
SystemInit                                        src/ASF/sam/utils/cmsis/sam3u/source/templates/system_sam3u.o
TC0_Handler                                       src/ASF/sam/utils/cmsis/sam3u/source/templates/exceptions.o
                                                  src/ASF/sam/utils/cmsis/sam3u/source/templates/gcc/startup_sam3u.o
TC1_Handler                                       src/ASF/sam/utils/cmsis/sam3u/source/templates/exceptions.o
                                                  src/ASF/sam/utils/cmsis/sam3u/source/templates/gcc/startup_sam3u.o
TC2_Handler                                       src/ASF/sam/utils/cmsis/sam3u/source/templates/exceptions.o
                                                  src/ASF/sam/utils/cmsis/sam3u/source/templates/gcc/startup_sam3u.o
TWI0_Handler                                      src/ASF/sam/utils/cmsis/sam3u/source/templates/exceptions.o
                                                  src/ASF/sam/utils/cmsis/sam3u/source/templates/gcc/startup_sam3u.o
TWI1_Handler                                      src/ASF/sam/utils/cmsis/sam3u/source/templates/exceptions.o
                                                  src/ASF/sam/utils/cmsis/sam3u/source/templates/gcc/startup_sam3u.o
UART_Handler                                      src/ASF/sam/utils/cmsis/sam3u/source/templates/exceptions.o
                                                  src/ASF/sam/utils/cmsis/sam3u/source/templates/gcc/startup_sam3u.o
UDPHS_Handler                                     src/ASF/sam/utils/cmsis/sam3u/source/templates/exceptions.o
                                                  src/ASF/sam/utils/cmsis/sam3u/source/templates/gcc/startup_sam3u.o
USART0_Handler                                    src/ASF/sam/utils/cmsis/sam3u/source/templates/exceptions.o
                                                  src/ASF/sam/utils/cmsis/sam3u/source/templates/gcc/startup_sam3u.o
USART1_Handler                                    src/ASF/sam/utils/cmsis/sam3u/source/templates/exceptions.o
                                                  src/ASF/sam/utils/cmsis/sam3u/source/templates/gcc/startup_sam3u.o
USART2_Handler                                    src/ASF/sam/utils/cmsis/sam3u/source/templates/exceptions.o
                                                  src/ASF/sam/utils/cmsis/sam3u/source/templates/gcc/startup_sam3u.o
UsageFault_Handler                                src/ASF/sam/utils/cmsis/sam3u/source/templates/exceptions.o
                                                  src/ASF/sam/utils/cmsis/sam3u/source/templates/gcc/startup_sam3u.o
WDT_Handler                                       src/ASF/sam/utils/cmsis/sam3u/source/templates/exceptions.o
                                                  src/ASF/sam/utils/cmsis/sam3u/source/templates/gcc/startup_sam3u.o
_Jv_RegisterClasses                               c:/program files (x86)/atmel/studio/7.0/toolchain/arm/arm-gnu-toolchain/bin/../lib/gcc/arm-none-eabi/6.3.1/thumb/v7-m/crtbegin.o
__atexit_recursive_mutex                          c:/program files (x86)/atmel/studio/7.0/toolchain/arm/arm-gnu-toolchain/bin/../lib/gcc/arm-none-eabi/6.3.1/../../../../arm-none-eabi/lib/thumb/v7-m\libc.a(lib_a-__call_atexit.o)
                                                  c:/program files (x86)/atmel/studio/7.0/toolchain/arm/arm-gnu-toolchain/bin/../lib/gcc/arm-none-eabi/6.3.1/../../../../arm-none-eabi/lib/thumb/v7-m\libc.a(lib_a-__atexit.o)
__bss_end__                                       c:/program files (x86)/atmel/studio/7.0/toolchain/arm/arm-gnu-toolchain/bin/../lib/gcc/arm-none-eabi/6.3.1/../../../../arm-none-eabi/lib/thumb/v7-m/crt0.o
__bss_start__                                     c:/program files (x86)/atmel/studio/7.0/toolchain/arm/arm-gnu-toolchain/bin/../lib/gcc/arm-none-eabi/6.3.1/../../../../arm-none-eabi/lib/thumb/v7-m/crt0.o
__call_exitprocs                                  c:/program files (x86)/atmel/studio/7.0/toolchain/arm/arm-gnu-toolchain/bin/../lib/gcc/arm-none-eabi/6.3.1/../../../../arm-none-eabi/lib/thumb/v7-m\libc.a(lib_a-__call_atexit.o)
                                                  c:/program files (x86)/atmel/studio/7.0/toolchain/arm/arm-gnu-toolchain/bin/../lib/gcc/arm-none-eabi/6.3.1/../../../../arm-none-eabi/lib/thumb/v7-m\libc.a(lib_a-exit.o)
__deregister_frame_info                           c:/program files (x86)/atmel/studio/7.0/toolchain/arm/arm-gnu-toolchain/bin/../lib/gcc/arm-none-eabi/6.3.1/thumb/v7-m/crtbegin.o
__dso_handle                                      c:/program files (x86)/atmel/studio/7.0/toolchain/arm/arm-gnu-toolchain/bin/../lib/gcc/arm-none-eabi/6.3.1/thumb/v7-m/crtbegin.o
__fini_array_end                                  c:/program files (x86)/atmel/studio/7.0/toolchain/arm/arm-gnu-toolchain/bin/../lib/gcc/arm-none-eabi/6.3.1/../../../../arm-none-eabi/lib/thumb/v7-m\libc.a(lib_a-fini.o)
__fini_array_start                                c:/program files (x86)/atmel/studio/7.0/toolchain/arm/arm-gnu-toolchain/bin/../lib/gcc/arm-none-eabi/6.3.1/../../../../arm-none-eabi/lib/thumb/v7-m\libc.a(lib_a-fini.o)
__init_array_end                                  c:/program files (x86)/atmel/studio/7.0/toolchain/arm/arm-gnu-toolchain/bin/../lib/gcc/arm-none-eabi/6.3.1/../../../../arm-none-eabi/lib/thumb/v7-m\libc.a(lib_a-init.o)
__init_array_start                                c:/program files (x86)/atmel/studio/7.0/toolchain/arm/arm-gnu-toolchain/bin/../lib/gcc/arm-none-eabi/6.3.1/../../../../arm-none-eabi/lib/thumb/v7-m\libc.a(lib_a-init.o)
__libc_fini                                       c:/program files (x86)/atmel/studio/7.0/toolchain/arm/arm-gnu-toolchain/bin/../lib/gcc/arm-none-eabi/6.3.1/../../../../arm-none-eabi/lib/thumb/v7-m\libc.a(lib_a-__call_atexit.o)
__libc_fini_array                                 c:/program files (x86)/atmel/studio/7.0/toolchain/arm/arm-gnu-toolchain/bin/../lib/gcc/arm-none-eabi/6.3.1/../../../../arm-none-eabi/lib/thumb/v7-m\libc.a(lib_a-fini.o)
                                                  c:/program files (x86)/atmel/studio/7.0/toolchain/arm/arm-gnu-toolchain/bin/../lib/gcc/arm-none-eabi/6.3.1/../../../../arm-none-eabi/lib/thumb/v7-m\libc.a(lib_a-__call_atexit.o)
                                                  c:/program files (x86)/atmel/studio/7.0/toolchain/arm/arm-gnu-toolchain/bin/../lib/gcc/arm-none-eabi/6.3.1/../../../../arm-none-eabi/lib/thumb/v7-m/crt0.o
__libc_init_array                                 c:/program files (x86)/atmel/studio/7.0/toolchain/arm/arm-gnu-toolchain/bin/../lib/gcc/arm-none-eabi/6.3.1/../../../../arm-none-eabi/lib/thumb/v7-m\libc.a(lib_a-init.o)
                                                  src/ASF/sam/utils/cmsis/sam3u/source/templates/gcc/startup_sam3u.o
                                                  c:/program files (x86)/atmel/studio/7.0/toolchain/arm/arm-gnu-toolchain/bin/../lib/gcc/arm-none-eabi/6.3.1/../../../../arm-none-eabi/lib/thumb/v7-m/crt0.o
__lock___arc4random_mutex                         c:/program files (x86)/atmel/studio/7.0/toolchain/arm/arm-gnu-toolchain/bin/../lib/gcc/arm-none-eabi/6.3.1/../../../../arm-none-eabi/lib/thumb/v7-m\libc.a(lib_a-lock.o)
__lock___at_quick_exit_mutex                      c:/program files (x86)/atmel/studio/7.0/toolchain/arm/arm-gnu-toolchain/bin/../lib/gcc/arm-none-eabi/6.3.1/../../../../arm-none-eabi/lib/thumb/v7-m\libc.a(lib_a-lock.o)
__lock___atexit_recursive_mutex                   c:/program files (x86)/atmel/studio/7.0/toolchain/arm/arm-gnu-toolchain/bin/../lib/gcc/arm-none-eabi/6.3.1/../../../../arm-none-eabi/lib/thumb/v7-m\libc.a(lib_a-lock.o)
                                                  c:/program files (x86)/atmel/studio/7.0/toolchain/arm/arm-gnu-toolchain/bin/../lib/gcc/arm-none-eabi/6.3.1/../../../../arm-none-eabi/lib/thumb/v7-m\libc.a(lib_a-__call_atexit.o)
__lock___dd_hash_mutex                            c:/program files (x86)/atmel/studio/7.0/toolchain/arm/arm-gnu-toolchain/bin/../lib/gcc/arm-none-eabi/6.3.1/../../../../arm-none-eabi/lib/thumb/v7-m\libc.a(lib_a-lock.o)
__lock___env_recursive_mutex                      c:/program files (x86)/atmel/studio/7.0/toolchain/arm/arm-gnu-toolchain/bin/../lib/gcc/arm-none-eabi/6.3.1/../../../../arm-none-eabi/lib/thumb/v7-m\libc.a(lib_a-lock.o)
__lock___malloc_recursive_mutex                   c:/program files (x86)/atmel/studio/7.0/toolchain/arm/arm-gnu-toolchain/bin/../lib/gcc/arm-none-eabi/6.3.1/../../../../arm-none-eabi/lib/thumb/v7-m\libc.a(lib_a-lock.o)
__lock___sfp_recursive_mutex                      c:/program files (x86)/atmel/studio/7.0/toolchain/arm/arm-gnu-toolchain/bin/../lib/gcc/arm-none-eabi/6.3.1/../../../../arm-none-eabi/lib/thumb/v7-m\libc.a(lib_a-lock.o)
__lock___sinit_recursive_mutex                    c:/program files (x86)/atmel/studio/7.0/toolchain/arm/arm-gnu-toolchain/bin/../lib/gcc/arm-none-eabi/6.3.1/../../../../arm-none-eabi/lib/thumb/v7-m\libc.a(lib_a-lock.o)
__lock___tz_mutex                                 c:/program files (x86)/atmel/studio/7.0/toolchain/arm/arm-gnu-toolchain/bin/../lib/gcc/arm-none-eabi/6.3.1/../../../../arm-none-eabi/lib/thumb/v7-m\libc.a(lib_a-lock.o)
__preinit_array_end                               c:/program files (x86)/atmel/studio/7.0/toolchain/arm/arm-gnu-toolchain/bin/../lib/gcc/arm-none-eabi/6.3.1/../../../../arm-none-eabi/lib/thumb/v7-m\libc.a(lib_a-init.o)
__preinit_array_start                             c:/program files (x86)/atmel/studio/7.0/toolchain/arm/arm-gnu-toolchain/bin/../lib/gcc/arm-none-eabi/6.3.1/../../../../arm-none-eabi/lib/thumb/v7-m\libc.a(lib_a-init.o)
__ram_end__                                       src/ASF/sam/utils/syscalls/gcc/syscalls.o
__register_exitproc                               c:/program files (x86)/atmel/studio/7.0/toolchain/arm/arm-gnu-toolchain/bin/../lib/gcc/arm-none-eabi/6.3.1/../../../../arm-none-eabi/lib/thumb/v7-m\libc.a(lib_a-__atexit.o)
                                                  c:/program files (x86)/atmel/studio/7.0/toolchain/arm/arm-gnu-toolchain/bin/../lib/gcc/arm-none-eabi/6.3.1/../../../../arm-none-eabi/lib/thumb/v7-m\libc.a(lib_a-atexit.o)
__register_frame_info                             c:/program files (x86)/atmel/studio/7.0/toolchain/arm/arm-gnu-toolchain/bin/../lib/gcc/arm-none-eabi/6.3.1/thumb/v7-m/crtbegin.o
__retarget_lock_acquire                           c:/program files (x86)/atmel/studio/7.0/toolchain/arm/arm-gnu-toolchain/bin/../lib/gcc/arm-none-eabi/6.3.1/../../../../arm-none-eabi/lib/thumb/v7-m\libc.a(lib_a-lock.o)
__retarget_lock_acquire_recursive                 c:/program files (x86)/atmel/studio/7.0/toolchain/arm/arm-gnu-toolchain/bin/../lib/gcc/arm-none-eabi/6.3.1/../../../../arm-none-eabi/lib/thumb/v7-m\libc.a(lib_a-lock.o)
                                                  c:/program files (x86)/atmel/studio/7.0/toolchain/arm/arm-gnu-toolchain/bin/../lib/gcc/arm-none-eabi/6.3.1/../../../../arm-none-eabi/lib/thumb/v7-m\libc.a(lib_a-__atexit.o)
                                                  c:/program files (x86)/atmel/studio/7.0/toolchain/arm/arm-gnu-toolchain/bin/../lib/gcc/arm-none-eabi/6.3.1/../../../../arm-none-eabi/lib/thumb/v7-m\libc.a(lib_a-__call_atexit.o)
__retarget_lock_close                             c:/program files (x86)/atmel/studio/7.0/toolchain/arm/arm-gnu-toolchain/bin/../lib/gcc/arm-none-eabi/6.3.1/../../../../arm-none-eabi/lib/thumb/v7-m\libc.a(lib_a-lock.o)
__retarget_lock_close_recursive                   c:/program files (x86)/atmel/studio/7.0/toolchain/arm/arm-gnu-toolchain/bin/../lib/gcc/arm-none-eabi/6.3.1/../../../../arm-none-eabi/lib/thumb/v7-m\libc.a(lib_a-lock.o)
__retarget_lock_init                              c:/program files (x86)/atmel/studio/7.0/toolchain/arm/arm-gnu-toolchain/bin/../lib/gcc/arm-none-eabi/6.3.1/../../../../arm-none-eabi/lib/thumb/v7-m\libc.a(lib_a-lock.o)
__retarget_lock_init_recursive                    c:/program files (x86)/atmel/studio/7.0/toolchain/arm/arm-gnu-toolchain/bin/../lib/gcc/arm-none-eabi/6.3.1/../../../../arm-none-eabi/lib/thumb/v7-m\libc.a(lib_a-lock.o)
__retarget_lock_release                           c:/program files (x86)/atmel/studio/7.0/toolchain/arm/arm-gnu-toolchain/bin/../lib/gcc/arm-none-eabi/6.3.1/../../../../arm-none-eabi/lib/thumb/v7-m\libc.a(lib_a-lock.o)
__retarget_lock_release_recursive                 c:/program files (x86)/atmel/studio/7.0/toolchain/arm/arm-gnu-toolchain/bin/../lib/gcc/arm-none-eabi/6.3.1/../../../../arm-none-eabi/lib/thumb/v7-m\libc.a(lib_a-lock.o)
                                                  c:/program files (x86)/atmel/studio/7.0/toolchain/arm/arm-gnu-toolchain/bin/../lib/gcc/arm-none-eabi/6.3.1/../../../../arm-none-eabi/lib/thumb/v7-m\libc.a(lib_a-__atexit.o)
                                                  c:/program files (x86)/atmel/studio/7.0/toolchain/arm/arm-gnu-toolchain/bin/../lib/gcc/arm-none-eabi/6.3.1/../../../../arm-none-eabi/lib/thumb/v7-m\libc.a(lib_a-__call_atexit.o)
__retarget_lock_try_acquire                       c:/program files (x86)/atmel/studio/7.0/toolchain/arm/arm-gnu-toolchain/bin/../lib/gcc/arm-none-eabi/6.3.1/../../../../arm-none-eabi/lib/thumb/v7-m\libc.a(lib_a-lock.o)
__retarget_lock_try_acquire_recursive             c:/program files (x86)/atmel/studio/7.0/toolchain/arm/arm-gnu-toolchain/bin/../lib/gcc/arm-none-eabi/6.3.1/../../../../arm-none-eabi/lib/thumb/v7-m\libc.a(lib_a-lock.o)
__stack                                           c:/program files (x86)/atmel/studio/7.0/toolchain/arm/arm-gnu-toolchain/bin/../lib/gcc/arm-none-eabi/6.3.1/../../../../arm-none-eabi/lib/thumb/v7-m/crt0.o
_close                                            src/ASF/sam/utils/syscalls/gcc/syscalls.o
_end                                              src/ASF/sam/utils/syscalls/gcc/syscalls.o
_erelocate                                        src/ASF/sam/utils/cmsis/sam3u/source/templates/gcc/startup_sam3u.o
_estack                                           src/ASF/sam/utils/cmsis/sam3u/source/templates/gcc/startup_sam3u.o
_etext                                            src/ASF/sam/utils/cmsis/sam3u/source/templates/gcc/startup_sam3u.o
_exit                                             src/ASF/sam/utils/syscalls/gcc/syscalls.o
                                                  c:/program files (x86)/atmel/studio/7.0/toolchain/arm/arm-gnu-toolchain/bin/../lib/gcc/arm-none-eabi/6.3.1/../../../../arm-none-eabi/lib/thumb/v7-m\libc.a(lib_a-exit.o)
_ezero                                            src/ASF/sam/utils/cmsis/sam3u/source/templates/gcc/startup_sam3u.o
_fini                                             c:/program files (x86)/atmel/studio/7.0/toolchain/arm/arm-gnu-toolchain/bin/../lib/gcc/arm-none-eabi/6.3.1/thumb/v7-m/crti.o
                                                  c:/program files (x86)/atmel/studio/7.0/toolchain/arm/arm-gnu-toolchain/bin/../lib/gcc/arm-none-eabi/6.3.1/../../../../arm-none-eabi/lib/thumb/v7-m\libc.a(lib_a-fini.o)
_fstat                                            src/ASF/sam/utils/syscalls/gcc/syscalls.o
_getpid                                           src/ASF/sam/utils/syscalls/gcc/syscalls.o
_global_impure_ptr                                c:/program files (x86)/atmel/studio/7.0/toolchain/arm/arm-gnu-toolchain/bin/../lib/gcc/arm-none-eabi/6.3.1/../../../../arm-none-eabi/lib/thumb/v7-m\libc.a(lib_a-impure.o)
                                                  c:/program files (x86)/atmel/studio/7.0/toolchain/arm/arm-gnu-toolchain/bin/../lib/gcc/arm-none-eabi/6.3.1/../../../../arm-none-eabi/lib/thumb/v7-m\libc.a(lib_a-__atexit.o)
                                                  c:/program files (x86)/atmel/studio/7.0/toolchain/arm/arm-gnu-toolchain/bin/../lib/gcc/arm-none-eabi/6.3.1/../../../../arm-none-eabi/lib/thumb/v7-m\libc.a(lib_a-__call_atexit.o)
                                                  c:/program files (x86)/atmel/studio/7.0/toolchain/arm/arm-gnu-toolchain/bin/../lib/gcc/arm-none-eabi/6.3.1/../../../../arm-none-eabi/lib/thumb/v7-m\libc.a(lib_a-exit.o)
_impure_ptr                                       c:/program files (x86)/atmel/studio/7.0/toolchain/arm/arm-gnu-toolchain/bin/../lib/gcc/arm-none-eabi/6.3.1/../../../../arm-none-eabi/lib/thumb/v7-m\libc.a(lib_a-impure.o)
_init                                             c:/program files (x86)/atmel/studio/7.0/toolchain/arm/arm-gnu-toolchain/bin/../lib/gcc/arm-none-eabi/6.3.1/thumb/v7-m/crti.o
                                                  c:/program files (x86)/atmel/studio/7.0/toolchain/arm/arm-gnu-toolchain/bin/../lib/gcc/arm-none-eabi/6.3.1/../../../../arm-none-eabi/lib/thumb/v7-m\libc.a(lib_a-init.o)
_isatty                                           src/ASF/sam/utils/syscalls/gcc/syscalls.o
_kill                                             src/ASF/sam/utils/syscalls/gcc/syscalls.o
_lseek                                            src/ASF/sam/utils/syscalls/gcc/syscalls.o
_mainCRTStartup                                   c:/program files (x86)/atmel/studio/7.0/toolchain/arm/arm-gnu-toolchain/bin/../lib/gcc/arm-none-eabi/6.3.1/../../../../arm-none-eabi/lib/thumb/v7-m/crt0.o
_sbrk                                             src/ASF/sam/utils/syscalls/gcc/syscalls.o
_sfixed                                           src/ASF/sam/utils/cmsis/sam3u/source/templates/gcc/startup_sam3u.o
_srelocate                                        src/ASF/sam/utils/cmsis/sam3u/source/templates/gcc/startup_sam3u.o
_start                                            c:/program files (x86)/atmel/studio/7.0/toolchain/arm/arm-gnu-toolchain/bin/../lib/gcc/arm-none-eabi/6.3.1/../../../../arm-none-eabi/lib/thumb/v7-m/crt0.o
_szero                                            src/ASF/sam/utils/cmsis/sam3u/source/templates/gcc/startup_sam3u.o
atexit                                            c:/program files (x86)/atmel/studio/7.0/toolchain/arm/arm-gnu-toolchain/bin/../lib/gcc/arm-none-eabi/6.3.1/../../../../arm-none-eabi/lib/thumb/v7-m\libc.a(lib_a-atexit.o)
                                                  c:/program files (x86)/atmel/studio/7.0/toolchain/arm/arm-gnu-toolchain/bin/../lib/gcc/arm-none-eabi/6.3.1/../../../../arm-none-eabi/lib/thumb/v7-m\libc.a(lib_a-__call_atexit.o)
                                                  c:/program files (x86)/atmel/studio/7.0/toolchain/arm/arm-gnu-toolchain/bin/../lib/gcc/arm-none-eabi/6.3.1/../../../../arm-none-eabi/lib/thumb/v7-m/crt0.o
board_init                                        src/ASF/common/boards/user_board/init.o
                                                  src/main.o
cpu_irq_enter_critical                            src/ASF/common/utils/interrupt/interrupt_sam_nvic.o
cpu_irq_leave_critical                            src/ASF/common/utils/interrupt/interrupt_sam_nvic.o
exception_table                                   src/ASF/sam/utils/cmsis/sam3u/source/templates/gcc/startup_sam3u.o
exit                                              c:/program files (x86)/atmel/studio/7.0/toolchain/arm/arm-gnu-toolchain/bin/../lib/gcc/arm-none-eabi/6.3.1/../../../../arm-none-eabi/lib/thumb/v7-m\libc.a(lib_a-exit.o)
                                                  c:/program files (x86)/atmel/studio/7.0/toolchain/arm/arm-gnu-toolchain/bin/../lib/gcc/arm-none-eabi/6.3.1/../../../../arm-none-eabi/lib/thumb/v7-m/crt0.o
free                                              c:/program files (x86)/atmel/studio/7.0/toolchain/arm/arm-gnu-toolchain/bin/../lib/gcc/arm-none-eabi/6.3.1/../../../../arm-none-eabi/lib/thumb/v7-m\libc.a(lib_a-__call_atexit.o)
g_interrupt_enabled                               src/ASF/common/utils/interrupt/interrupt_sam_nvic.o
hardware_init_hook                                c:/program files (x86)/atmel/studio/7.0/toolchain/arm/arm-gnu-toolchain/bin/../lib/gcc/arm-none-eabi/6.3.1/../../../../arm-none-eabi/lib/thumb/v7-m/crt0.o
link                                              src/ASF/sam/utils/syscalls/gcc/syscalls.o
main                                              src/main.o
                                                  src/ASF/sam/utils/cmsis/sam3u/source/templates/gcc/startup_sam3u.o
                                                  c:/program files (x86)/atmel/studio/7.0/toolchain/arm/arm-gnu-toolchain/bin/../lib/gcc/arm-none-eabi/6.3.1/../../../../arm-none-eabi/lib/thumb/v7-m/crt0.o
malloc                                            c:/program files (x86)/atmel/studio/7.0/toolchain/arm/arm-gnu-toolchain/bin/../lib/gcc/arm-none-eabi/6.3.1/../../../../arm-none-eabi/lib/thumb/v7-m\libc.a(lib_a-__atexit.o)
memset                                            c:/program files (x86)/atmel/studio/7.0/toolchain/arm/arm-gnu-toolchain/bin/../lib/gcc/arm-none-eabi/6.3.1/../../../../arm-none-eabi/lib/thumb/v7-m\libc.a(lib_a-memset.o)
                                                  c:/program files (x86)/atmel/studio/7.0/toolchain/arm/arm-gnu-toolchain/bin/../lib/gcc/arm-none-eabi/6.3.1/../../../../arm-none-eabi/lib/thumb/v7-m/crt0.o
software_init_hook                                c:/program files (x86)/atmel/studio/7.0/toolchain/arm/arm-gnu-toolchain/bin/../lib/gcc/arm-none-eabi/6.3.1/../../../../arm-none-eabi/lib/thumb/v7-m/crt0.o
system_init_flash                                 src/ASF/sam/utils/cmsis/sam3u/source/templates/system_sam3u.o
